../Core/Src/main.c:21:6:delayUs	16	static
../Core/Src/main.c:31:6:startCondi	8	static
../Core/Src/main.c:43:6:stopCondi	8	static
../Core/Src/main.c:55:6:SDAMode	40	static
../Core/Src/main.c:70:6:sendByteData	24	static
../Core/Src/main.c:108:6:sendDataI2CSoftWare	8	static
../Core/Src/main.c:127:9:readByteData	24	static
../Core/Src/main.c:154:6:readDataI2CSoftWare	16	static
../Core/Src/main.c:204:5:main	8	static
../Core/Src/main.c:218:6:SystemClock_Config	120	static
../Core/Src/main.c:274:13:MX_TIM16_Init	8	static
../Core/Src/main.c:300:6:MX_GPIO_Init	56	static
../Core/Src/main.c:381:6:Error_Handler	4	static,ignoring_inline_asm
