Archive member included to satisfy reference by file (symbol)

c:/st/stm32cubeide_1.11.2/stm32cubeide/plugins/com.st.stm32cube.ide.mcu.externaltools.gnu-tools-for-stm32.10.3-2021.10.win32_1.0.100.202210260954/tools/bin/../lib/gcc/arm-none-eabi/10.3.1/../../../../arm-none-eabi/lib/thumb/v7e-m+dp/hard\libc_nano.a(lib_a-errno.o)
                              ./Core/Src/syscalls.o (__errno)
c:/st/stm32cubeide_1.11.2/stm32cubeide/plugins/com.st.stm32cube.ide.mcu.externaltools.gnu-tools-for-stm32.10.3-2021.10.win32_1.0.100.202210260954/tools/bin/../lib/gcc/arm-none-eabi/10.3.1/../../../../arm-none-eabi/lib/thumb/v7e-m+dp/hard\libc_nano.a(lib_a-exit.o)
                              c:/st/stm32cubeide_1.11.2/stm32cubeide/plugins/com.st.stm32cube.ide.mcu.externaltools.gnu-tools-for-stm32.10.3-2021.10.win32_1.0.100.202210260954/tools/bin/../lib/gcc/arm-none-eabi/10.3.1/../../../../arm-none-eabi/lib/thumb/v7e-m+dp/hard/crt0.o (exit)
c:/st/stm32cubeide_1.11.2/stm32cubeide/plugins/com.st.stm32cube.ide.mcu.externaltools.gnu-tools-for-stm32.10.3-2021.10.win32_1.0.100.202210260954/tools/bin/../lib/gcc/arm-none-eabi/10.3.1/../../../../arm-none-eabi/lib/thumb/v7e-m+dp/hard\libc_nano.a(lib_a-impure.o)
                              c:/st/stm32cubeide_1.11.2/stm32cubeide/plugins/com.st.stm32cube.ide.mcu.externaltools.gnu-tools-for-stm32.10.3-2021.10.win32_1.0.100.202210260954/tools/bin/../lib/gcc/arm-none-eabi/10.3.1/../../../../arm-none-eabi/lib/thumb/v7e-m+dp/hard\libc_nano.a(lib_a-exit.o) (_global_impure_ptr)
c:/st/stm32cubeide_1.11.2/stm32cubeide/plugins/com.st.stm32cube.ide.mcu.externaltools.gnu-tools-for-stm32.10.3-2021.10.win32_1.0.100.202210260954/tools/bin/../lib/gcc/arm-none-eabi/10.3.1/../../../../arm-none-eabi/lib/thumb/v7e-m+dp/hard\libc_nano.a(lib_a-init.o)
                              c:/st/stm32cubeide_1.11.2/stm32cubeide/plugins/com.st.stm32cube.ide.mcu.externaltools.gnu-tools-for-stm32.10.3-2021.10.win32_1.0.100.202210260954/tools/bin/../lib/gcc/arm-none-eabi/10.3.1/../../../../arm-none-eabi/lib/thumb/v7e-m+dp/hard/crt0.o (__libc_init_array)
c:/st/stm32cubeide_1.11.2/stm32cubeide/plugins/com.st.stm32cube.ide.mcu.externaltools.gnu-tools-for-stm32.10.3-2021.10.win32_1.0.100.202210260954/tools/bin/../lib/gcc/arm-none-eabi/10.3.1/../../../../arm-none-eabi/lib/thumb/v7e-m+dp/hard\libc_nano.a(lib_a-memset.o)
                              c:/st/stm32cubeide_1.11.2/stm32cubeide/plugins/com.st.stm32cube.ide.mcu.externaltools.gnu-tools-for-stm32.10.3-2021.10.win32_1.0.100.202210260954/tools/bin/../lib/gcc/arm-none-eabi/10.3.1/../../../../arm-none-eabi/lib/thumb/v7e-m+dp/hard/crt0.o (memset)
c:/st/stm32cubeide_1.11.2/stm32cubeide/plugins/com.st.stm32cube.ide.mcu.externaltools.gnu-tools-for-stm32.10.3-2021.10.win32_1.0.100.202210260954/tools/bin/../lib/gcc/arm-none-eabi/10.3.1/thumb/v7e-m+dp/hard\libgcc.a(_aeabi_uldivmod.o)
                              ./Drivers/STM32H7xx_HAL_Driver/Src/stm32h7xx_hal_uart.o (__aeabi_uldivmod)
c:/st/stm32cubeide_1.11.2/stm32cubeide/plugins/com.st.stm32cube.ide.mcu.externaltools.gnu-tools-for-stm32.10.3-2021.10.win32_1.0.100.202210260954/tools/bin/../lib/gcc/arm-none-eabi/10.3.1/thumb/v7e-m+dp/hard\libgcc.a(_udivmoddi4.o)
                              c:/st/stm32cubeide_1.11.2/stm32cubeide/plugins/com.st.stm32cube.ide.mcu.externaltools.gnu-tools-for-stm32.10.3-2021.10.win32_1.0.100.202210260954/tools/bin/../lib/gcc/arm-none-eabi/10.3.1/thumb/v7e-m+dp/hard\libgcc.a(_aeabi_uldivmod.o) (__udivmoddi4)
c:/st/stm32cubeide_1.11.2/stm32cubeide/plugins/com.st.stm32cube.ide.mcu.externaltools.gnu-tools-for-stm32.10.3-2021.10.win32_1.0.100.202210260954/tools/bin/../lib/gcc/arm-none-eabi/10.3.1/thumb/v7e-m+dp/hard\libgcc.a(_dvmd_tls.o)
                              c:/st/stm32cubeide_1.11.2/stm32cubeide/plugins/com.st.stm32cube.ide.mcu.externaltools.gnu-tools-for-stm32.10.3-2021.10.win32_1.0.100.202210260954/tools/bin/../lib/gcc/arm-none-eabi/10.3.1/thumb/v7e-m+dp/hard\libgcc.a(_aeabi_uldivmod.o) (__aeabi_ldiv0)

Discarded input sections

 .text          0x0000000000000000        0x0 c:/st/stm32cubeide_1.11.2/stm32cubeide/plugins/com.st.stm32cube.ide.mcu.externaltools.gnu-tools-for-stm32.10.3-2021.10.win32_1.0.100.202210260954/tools/bin/../lib/gcc/arm-none-eabi/10.3.1/thumb/v7e-m+dp/hard/crti.o
 .data          0x0000000000000000        0x0 c:/st/stm32cubeide_1.11.2/stm32cubeide/plugins/com.st.stm32cube.ide.mcu.externaltools.gnu-tools-for-stm32.10.3-2021.10.win32_1.0.100.202210260954/tools/bin/../lib/gcc/arm-none-eabi/10.3.1/thumb/v7e-m+dp/hard/crti.o
 .bss           0x0000000000000000        0x0 c:/st/stm32cubeide_1.11.2/stm32cubeide/plugins/com.st.stm32cube.ide.mcu.externaltools.gnu-tools-for-stm32.10.3-2021.10.win32_1.0.100.202210260954/tools/bin/../lib/gcc/arm-none-eabi/10.3.1/thumb/v7e-m+dp/hard/crti.o
[...]
Memory Configuration

Name             Origin             Length             Attributes
FLASH            0x0000000008000000 0x0000000000200000 xr
DTCMRAM          0x0000000020000000 0x0000000000020000 xrw
RAM_D1           0x0000000024000000 0x0000000000080000 xrw
RAM_D2           0x0000000030000000 0x0000000000048000 xrw
RAM_D3           0x0000000038000000 0x0000000000010000 xrw
ITCMRAM          0x0000000000000000 0x0000000000010000 xrw
*default*        0x0000000000000000 0xffffffffffffffff

Linker script and memory map

LOAD c:/st/stm32cubeide_1.11.2/stm32cubeide/plugins/com.st.stm32cube.ide.mcu.externaltools.gnu-tools-for-stm32.10.3-2021.10.win32_1.0.100.202210260954/tools/bin/../lib/gcc/arm-none-eabi/10.3.1/thumb/v7e-m+dp/hard/crti.o
LOAD c:/st/stm32cubeide_1.11.2/stm32cubeide/plugins/com.st.stm32cube.ide.mcu.externaltools.gnu-tools-for-stm32.10.3-2021.10.win32_1.0.100.202210260954/tools/bin/../lib/gcc/arm-none-eabi/10.3.1/thumb/v7e-m+dp/hard/crtbegin.o
LOAD c:/st/stm32cubeide_1.11.2/stm32cubeide/plugins/com.st.stm32cube.ide.mcu.externaltools.gnu-tools-for-stm32.10.3-2021.10.win32_1.0.100.202210260954/tools/bin/../lib/gcc/arm-none-eabi/10.3.1/../../../../arm-none-eabi/lib/thumb/v7e-m+dp/hard/crt0.o
LOAD ./Core/Src/main.o
LOAD ./Core/Src/stm32h7xx_hal_msp.o
LOAD ./Core/Src/stm32h7xx_it.o
LOAD ./Core/Src/syscalls.o
LOAD ./Core/Src/sysmem.o
LOAD ./Core/Src/system_stm32h7xx.o
LOAD ./Core/Startup/startup_stm32h743zitx.o
LOAD ./Drivers/STM32H7xx_HAL_Driver/Src/stm32h7xx_hal.o
LOAD ./Drivers/STM32H7xx_HAL_Driver/Src/stm32h7xx_hal_cortex.o
LOAD ./Drivers/STM32H7xx_HAL_Driver/Src/stm32h7xx_hal_dma.o
LOAD ./Drivers/STM32H7xx_HAL_Driver/Src/stm32h7xx_hal_dma_ex.o
LOAD ./Drivers/STM32H7xx_HAL_Driver/Src/stm32h7xx_hal_eth.o
LOAD ./Drivers/STM32H7xx_HAL_Driver/Src/stm32h7xx_hal_eth_ex.o
LOAD ./Drivers/STM32H7xx_HAL_Driver/Src/stm32h7xx_hal_exti.o
LOAD ./Drivers/STM32H7xx_HAL_Driver/Src/stm32h7xx_hal_flash.o
LOAD ./Drivers/STM32H7xx_HAL_Driver/Src/stm32h7xx_hal_flash_ex.o
LOAD ./Drivers/STM32H7xx_HAL_Driver/Src/stm32h7xx_hal_gpio.o
LOAD ./Drivers/STM32H7xx_HAL_Driver/Src/stm32h7xx_hal_hsem.o
LOAD ./Drivers/STM32H7xx_HAL_Driver/Src/stm32h7xx_hal_i2c.o
LOAD ./Drivers/STM32H7xx_HAL_Driver/Src/stm32h7xx_hal_i2c_ex.o
LOAD ./Drivers/STM32H7xx_HAL_Driver/Src/stm32h7xx_hal_mdma.o
LOAD ./Drivers/STM32H7xx_HAL_Driver/Src/stm32h7xx_hal_pcd.o
LOAD ./Drivers/STM32H7xx_HAL_Driver/Src/stm32h7xx_hal_pcd_ex.o
LOAD ./Drivers/STM32H7xx_HAL_Driver/Src/stm32h7xx_hal_pwr.o
LOAD ./Drivers/STM32H7xx_HAL_Driver/Src/stm32h7xx_hal_pwr_ex.o
LOAD ./Drivers/STM32H7xx_HAL_Driver/Src/stm32h7xx_hal_rcc.o
LOAD ./Drivers/STM32H7xx_HAL_Driver/Src/stm32h7xx_hal_rcc_ex.o
LOAD ./Drivers/STM32H7xx_HAL_Driver/Src/stm32h7xx_hal_tim.o
LOAD ./Drivers/STM32H7xx_HAL_Driver/Src/stm32h7xx_hal_tim_ex.o
LOAD ./Drivers/STM32H7xx_HAL_Driver/Src/stm32h7xx_hal_uart.o
LOAD ./Drivers/STM32H7xx_HAL_Driver/Src/stm32h7xx_hal_uart_ex.o
LOAD ./Drivers/STM32H7xx_HAL_Driver/Src/stm32h7xx_ll_usb.o
START GROUP
LOAD c:/st/stm32cubeide_1.11.2/stm32cubeide/plugins/com.st.stm32cube.ide.mcu.externaltools.gnu-tools-for-stm32.10.3-2021.10.win32_1.0.100.202210260954/tools/bin/../lib/gcc/arm-none-eabi/10.3.1/../../../../arm-none-eabi/lib/thumb/v7e-m+dp/hard\libc_nano.a
LOAD c:/st/stm32cubeide_1.11.2/stm32cubeide/plugins/com.st.stm32cube.ide.mcu.externaltools.gnu-tools-for-stm32.10.3-2021.10.win32_1.0.100.202210260954/tools/bin/../lib/gcc/arm-none-eabi/10.3.1/../../../../arm-none-eabi/lib/thumb/v7e-m+dp/hard\libm.a
END GROUP
START GROUP
LOAD c:/st/stm32cubeide_1.11.2/stm32cubeide/plugins/com.st.stm32cube.ide.mcu.externaltools.gnu-tools-for-stm32.10.3-2021.10.win32_1.0.100.202210260954/tools/bin/../lib/gcc/arm-none-eabi/10.3.1/thumb/v7e-m+dp/hard\libgcc.a
LOAD c:/st/stm32cubeide_1.11.2/stm32cubeide/plugins/com.st.stm32cube.ide.mcu.externaltools.gnu-tools-for-stm32.10.3-2021.10.win32_1.0.100.202210260954/tools/bin/../lib/gcc/arm-none-eabi/10.3.1/../../../../arm-none-eabi/lib/thumb/v7e-m+dp/hard\libc_nano.a
END GROUP
START GROUP
LOAD c:/st/stm32cubeide_1.11.2/stm32cubeide/plugins/com.st.stm32cube.ide.mcu.externaltools.gnu-tools-for-stm32.10.3-2021.10.win32_1.0.100.202210260954/tools/bin/../lib/gcc/arm-none-eabi/10.3.1/thumb/v7e-m+dp/hard\libgcc.a
LOAD c:/st/stm32cubeide_1.11.2/stm32cubeide/plugins/com.st.stm32cube.ide.mcu.externaltools.gnu-tools-for-stm32.10.3-2021.10.win32_1.0.100.202210260954/tools/bin/../lib/gcc/arm-none-eabi/10.3.1/../../../../arm-none-eabi/lib/thumb/v7e-m+dp/hard\libc_nano.a
LOAD c:/st/stm32cubeide_1.11.2/stm32cubeide/plugins/com.st.stm32cube.ide.mcu.externaltools.gnu-tools-for-stm32.10.3-2021.10.win32_1.0.100.202210260954/tools/bin/../lib/gcc/arm-none-eabi/10.3.1/../../../../arm-none-eabi/lib/thumb/v7e-m+dp/hard\libnosys.a
END GROUP
START GROUP
LOAD c:/st/stm32cubeide_1.11.2/stm32cubeide/plugins/com.st.stm32cube.ide.mcu.externaltools.gnu-tools-for-stm32.10.3-2021.10.win32_1.0.100.202210260954/tools/bin/../lib/gcc/arm-none-eabi/10.3.1/thumb/v7e-m+dp/hard\libgcc.a
LOAD c:/st/stm32cubeide_1.11.2/stm32cubeide/plugins/com.st.stm32cube.ide.mcu.externaltools.gnu-tools-for-stm32.10.3-2021.10.win32_1.0.100.202210260954/tools/bin/../lib/gcc/arm-none-eabi/10.3.1/../../../../arm-none-eabi/lib/thumb/v7e-m+dp/hard\libc_nano.a
LOAD c:/st/stm32cubeide_1.11.2/stm32cubeide/plugins/com.st.stm32cube.ide.mcu.externaltools.gnu-tools-for-stm32.10.3-2021.10.win32_1.0.100.202210260954/tools/bin/../lib/gcc/arm-none-eabi/10.3.1/../../../../arm-none-eabi/lib/thumb/v7e-m+dp/hard\libnosys.a
END GROUP
LOAD c:/st/stm32cubeide_1.11.2/stm32cubeide/plugins/com.st.stm32cube.ide.mcu.externaltools.gnu-tools-for-stm32.10.3-2021.10.win32_1.0.100.202210260954/tools/bin/../lib/gcc/arm-none-eabi/10.3.1/thumb/v7e-m+dp/hard/crtend.o
LOAD c:/st/stm32cubeide_1.11.2/stm32cubeide/plugins/com.st.stm32cube.ide.mcu.externaltools.gnu-tools-for-stm32.10.3-2021.10.win32_1.0.100.202210260954/tools/bin/../lib/gcc/arm-none-eabi/10.3.1/thumb/v7e-m+dp/hard/crtn.o
                0x0000000024080000                _estack = (ORIGIN (RAM_D1) + LENGTH (RAM_D1))
                0x0000000000000200                _Min_Heap_Size = 0x200
                0x0000000000000400                _Min_Stack_Size = 0x400

.isr_vector     0x0000000008000000      0x298
                0x0000000008000000                . = ALIGN (0x4)
 *(.isr_vector)
 .isr_vector    0x0000000008000000      0x298 ./Core/Startup/startup_stm32h743zitx.o
                0x0000000008000000                g_pfnVectors
                0x0000000008000298                . = ALIGN (0x4)

.text           0x0000000008000298     0x2314
                0x0000000008000298                . = ALIGN (0x4)
 *(.text)
 .text          0x0000000008000298       0x40 c:/st/stm32cubeide_1.11.2/stm32cubeide/plugins/com.st.stm32cube.ide.mcu.externaltools.gnu-tools-for-stm32.10.3-2021.10.win32_1.0.100.202210260954/tools/bin/../lib/gcc/arm-none-eabi/10.3.1/thumb/v7e-m+dp/hard/crtbegin.o
 *(.text*)
 .text.delayUs  0x00000000080002d8       0x34 ./Core/Src/main.o
                0x00000000080002d8                delayUs
 .text.startCondi
                0x000000000800030c       0x2c ./Core/Src/main.o
                0x000000000800030c                startCondi
 .text.stopCondi
                0x0000000008000338       0x2c ./Core/Src/main.o
                0x0000000008000338                stopCondi
 .text.SDAMode  0x0000000008000364       0x40 ./Core/Src/main.o
                0x0000000008000364                SDAMode
 .text.sendByteData
                0x00000000080003a4       0xd4 ./Core/Src/main.o
                0x00000000080003a4                sendByteData
 .text.sendDataI2CSoftWare
                0x0000000008000478       0x40 ./Core/Src/main.o
                0x0000000008000478                sendDataI2CSoftWare
 .text.readByteData
                0x00000000080004b8       0x9c ./Core/Src/main.o
                0x00000000080004b8                readByteData
 .text.readDataI2CSoftWare
                0x0000000008000554       0xe4 ./Core/Src/main.o
                0x0000000008000554                readDataI2CSoftWare
 .text.main     0x0000000008000638       0x2c ./Core/Src/main.o
                0x0000000008000638                main
 .text.SystemClock_Config
                0x0000000008000664      0x100 ./Core/Src/main.o
                0x0000000008000664                SystemClock_Config
 .text.MX_TIM16_Init
                0x0000000008000764       0x4c ./Core/Src/main.o
 .text.MX_GPIO_Init
                0x00000000080007b0      0x1f4 ./Core/Src/main.o
 .text.Error_Handler
                0x00000000080009a4        0xa ./Core/Src/main.o
                0x00000000080009a4                Error_Handler
 *fill*         0x00000000080009ae        0x2 
 .text.HAL_MspInit
                0x00000000080009b0       0x34 ./Core/Src/stm32h7xx_hal_msp.o
                0x00000000080009b0                HAL_MspInit
 .text.HAL_TIM_Base_MspInit
                0x00000000080009e4       0x44 ./Core/Src/stm32h7xx_hal_msp.o
                0x00000000080009e4                HAL_TIM_Base_MspInit
 .text.NMI_Handler
                0x0000000008000a28        0x6 ./Core/Src/stm32h7xx_it.o
                0x0000000008000a28                NMI_Handler
 .text.HardFault_Handler
                0x0000000008000a2e        0x6 ./Core/Src/stm32h7xx_it.o
                0x0000000008000a2e                HardFault_Handler
 .text.MemManage_Handler
                0x0000000008000a34        0x6 ./Core/Src/stm32h7xx_it.o
                0x0000000008000a34                MemManage_Handler
 .text.BusFault_Handler
                0x0000000008000a3a        0x6 ./Core/Src/stm32h7xx_it.o
                0x0000000008000a3a                BusFault_Handler
 .text.UsageFault_Handler
                0x0000000008000a40        0x6 ./Core/Src/stm32h7xx_it.o
                0x0000000008000a40                UsageFault_Handler
 .text.SVC_Handler
                0x0000000008000a46        0xe ./Core/Src/stm32h7xx_it.o
                0x0000000008000a46                SVC_Handler
 .text.DebugMon_Handler
                0x0000000008000a54        0xe ./Core/Src/stm32h7xx_it.o
                0x0000000008000a54                DebugMon_Handler
 .text.PendSV_Handler
                0x0000000008000a62        0xe ./Core/Src/stm32h7xx_it.o
                0x0000000008000a62                PendSV_Handler
 .text.SysTick_Handler
                0x0000000008000a70        0xc ./Core/Src/stm32h7xx_it.o
                0x0000000008000a70                SysTick_Handler
 .text.SystemInit
                0x0000000008000a7c      0x110 ./Core/Src/system_stm32h7xx.o
                0x0000000008000a7c                SystemInit
 .text.Reset_Handler
                0x0000000008000b8c       0x50 ./Core/Startup/startup_stm32h743zitx.o
                0x0000000008000b8c                Reset_Handler
 .text.Default_Handler
                0x0000000008000bdc        0x2 ./Core/Startup/startup_stm32h743zitx.o
                0x0000000008000bdc                RTC_Alarm_IRQHandler
                0x0000000008000bdc                EXTI2_IRQHandler
                0x0000000008000bdc                TIM8_CC_IRQHandler
                0x0000000008000bdc                HRTIM1_Master_IRQHandler
                0x0000000008000bdc                UART8_IRQHandler
                0x0000000008000bdc                SPI4_IRQHandler
                0x0000000008000bdc                TIM1_CC_IRQHandler
                0x0000000008000bdc                BDMA_Channel6_IRQHandler
                0x0000000008000bdc                DMA2_Stream5_IRQHandler
                0x0000000008000bdc                HRTIM1_FLT_IRQHandler
                0x0000000008000bdc                JPEG_IRQHandler
                0x0000000008000bdc                DMA1_Stream5_IRQHandler
                0x0000000008000bdc                BDMA_Channel1_IRQHandler
                0x0000000008000bdc                HRTIM1_TIMD_IRQHandler
                0x0000000008000bdc                TAMP_STAMP_IRQHandler
                0x0000000008000bdc                EXTI3_IRQHandler
                0x0000000008000bdc                LPTIM4_IRQHandler
                0x0000000008000bdc                TIM8_TRG_COM_TIM14_IRQHandler
                0x0000000008000bdc                LPTIM2_IRQHandler
                0x0000000008000bdc                DFSDM1_FLT1_IRQHandler
                0x0000000008000bdc                DMAMUX2_OVR_IRQHandler
                0x0000000008000bdc                TIM8_UP_TIM13_IRQHandler
                0x0000000008000bdc                I2C3_ER_IRQHandler
                0x0000000008000bdc                DFSDM1_FLT2_IRQHandler
                0x0000000008000bdc                MDMA_IRQHandler
                0x0000000008000bdc                LPTIM3_IRQHandler
                0x0000000008000bdc                HSEM1_IRQHandler
                0x0000000008000bdc                EXTI0_IRQHandler
                0x0000000008000bdc                I2C2_EV_IRQHandler
                0x0000000008000bdc                DMA1_Stream2_IRQHandler
                0x0000000008000bdc                FPU_IRQHandler
                0x0000000008000bdc                OTG_HS_WKUP_IRQHandler
                0x0000000008000bdc                FDCAN1_IT1_IRQHandler
                0x0000000008000bdc                LTDC_ER_IRQHandler
                0x0000000008000bdc                DMA2_Stream2_IRQHandler
                0x0000000008000bdc                HRTIM1_TIME_IRQHandler
                0x0000000008000bdc                SPI1_IRQHandler
                0x0000000008000bdc                TIM6_DAC_IRQHandler
                0x0000000008000bdc                DCMI_IRQHandler
                0x0000000008000bdc                HRTIM1_TIMC_IRQHandler
                0x0000000008000bdc                DMA2_Stream3_IRQHandler
                0x0000000008000bdc                SAI2_IRQHandler
                0x0000000008000bdc                DFSDM1_FLT3_IRQHandler
                0x0000000008000bdc                USART6_IRQHandler
                0x0000000008000bdc                TIM17_IRQHandler
                0x0000000008000bdc                USART3_IRQHandler
                0x0000000008000bdc                BDMA_Channel7_IRQHandler
                0x0000000008000bdc                LPTIM5_IRQHandler
                0x0000000008000bdc                UART5_IRQHandler
                0x0000000008000bdc                ADC3_IRQHandler
                0x0000000008000bdc                DMA2_Stream0_IRQHandler
                0x0000000008000bdc                TIM4_IRQHandler
                0x0000000008000bdc                BDMA_Channel2_IRQHandler
                0x0000000008000bdc                QUADSPI_IRQHandler
                0x0000000008000bdc                I2C1_EV_IRQHandler
                0x0000000008000bdc                DMA1_Stream6_IRQHandler
                0x0000000008000bdc                DMAMUX1_OVR_IRQHandler
                0x0000000008000bdc                DMA1_Stream1_IRQHandler
                0x0000000008000bdc                TIM16_IRQHandler
                0x0000000008000bdc                UART4_IRQHandler
                0x0000000008000bdc                BDMA_Channel5_IRQHandler
                0x0000000008000bdc                TIM3_IRQHandler
                0x0000000008000bdc                RCC_IRQHandler
                0x0000000008000bdc                TIM8_BRK_TIM12_IRQHandler
                0x0000000008000bdc                TIM1_TRG_COM_IRQHandler
                0x0000000008000bdc                Default_Handler
                0x0000000008000bdc                ECC_IRQHandler
                0x0000000008000bdc                CEC_IRQHandler
                0x0000000008000bdc                EXTI15_10_IRQHandler
                0x0000000008000bdc                BDMA_Channel0_IRQHandler
                0x0000000008000bdc                ADC_IRQHandler
                0x0000000008000bdc                DMA1_Stream7_IRQHandler
                0x0000000008000bdc                HRTIM1_TIMA_IRQHandler
                0x0000000008000bdc                SPI5_IRQHandler
                0x0000000008000bdc                TIM7_IRQHandler
                0x0000000008000bdc                SDMMC1_IRQHandler
                0x0000000008000bdc                TIM5_IRQHandler
                0x0000000008000bdc                DMA2_Stream7_IRQHandler
                0x0000000008000bdc                TIM15_IRQHandler
                0x0000000008000bdc                PVD_AVD_IRQHandler
                0x0000000008000bdc                I2C3_EV_IRQHandler
                0x0000000008000bdc                EXTI9_5_IRQHandler
                0x0000000008000bdc                RTC_WKUP_IRQHandler
                0x0000000008000bdc                LTDC_IRQHandler
                0x0000000008000bdc                SAI3_IRQHandler
                0x0000000008000bdc                ETH_WKUP_IRQHandler
                0x0000000008000bdc                SPDIF_RX_IRQHandler
                0x0000000008000bdc                SPI2_IRQHandler
                0x0000000008000bdc                OTG_HS_EP1_IN_IRQHandler
                0x0000000008000bdc                DMA1_Stream0_IRQHandler
                0x0000000008000bdc                CRS_IRQHandler
                0x0000000008000bdc                EXTI4_IRQHandler
                0x0000000008000bdc                RNG_IRQHandler
                0x0000000008000bdc                HRTIM1_TIMB_IRQHandler
                0x0000000008000bdc                FDCAN2_IT1_IRQHandler
                0x0000000008000bdc                ETH_IRQHandler
                0x0000000008000bdc                TIM1_UP_IRQHandler
                0x0000000008000bdc                BDMA_Channel4_IRQHandler
                0x0000000008000bdc                OTG_HS_EP1_OUT_IRQHandler
                0x0000000008000bdc                WWDG_IRQHandler
                0x0000000008000bdc                SPI6_IRQHandler
                0x0000000008000bdc                MDIOS_IRQHandler
                0x0000000008000bdc                I2C4_EV_IRQHandler
                0x0000000008000bdc                FDCAN2_IT0_IRQHandler
                0x0000000008000bdc                LPUART1_IRQHandler
                0x0000000008000bdc                FDCAN1_IT0_IRQHandler
                0x0000000008000bdc                TIM2_IRQHandler
                0x0000000008000bdc                OTG_FS_WKUP_IRQHandler
                0x0000000008000bdc                OTG_HS_IRQHandler
                0x0000000008000bdc                DMA2D_IRQHandler
                0x0000000008000bdc                TIM1_BRK_IRQHandler
                0x0000000008000bdc                EXTI1_IRQHandler
                0x0000000008000bdc                SDMMC2_IRQHandler
                0x0000000008000bdc                OTG_FS_EP1_OUT_IRQHandler
                0x0000000008000bdc                BDMA_Channel3_IRQHandler
                0x0000000008000bdc                UART7_IRQHandler
                0x0000000008000bdc                MDIOS_WKUP_IRQHandler
                0x0000000008000bdc                USART2_IRQHandler
                0x0000000008000bdc                DFSDM1_FLT0_IRQHandler
                0x0000000008000bdc                SAI4_IRQHandler
                0x0000000008000bdc                I2C2_ER_IRQHandler
                0x0000000008000bdc                DMA2_Stream1_IRQHandler
                0x0000000008000bdc                FLASH_IRQHandler
                0x0000000008000bdc                DMA2_Stream4_IRQHandler
                0x0000000008000bdc                USART1_IRQHandler
                0x0000000008000bdc                OTG_FS_IRQHandler
                0x0000000008000bdc                SPI3_IRQHandler
                0x0000000008000bdc                WAKEUP_PIN_IRQHandler
                0x0000000008000bdc                DMA1_Stream4_IRQHandler
                0x0000000008000bdc                OTG_FS_EP1_IN_IRQHandler
                0x0000000008000bdc                I2C1_ER_IRQHandler
                0x0000000008000bdc                FMC_IRQHandler
                0x0000000008000bdc                FDCAN_CAL_IRQHandler
                0x0000000008000bdc                SWPMI1_IRQHandler
                0x0000000008000bdc                COMP1_IRQHandler
                0x0000000008000bdc                LPTIM1_IRQHandler
                0x0000000008000bdc                I2C4_ER_IRQHandler
                0x0000000008000bdc                DMA2_Stream6_IRQHandler
                0x0000000008000bdc                SAI1_IRQHandler
                0x0000000008000bdc                DMA1_Stream3_IRQHandler
 *fill*         0x0000000008000bde        0x2 
 .text.HAL_Init
                0x0000000008000be0       0x78 ./Drivers/STM32H7xx_HAL_Driver/Src/stm32h7xx_hal.o
                0x0000000008000be0                HAL_Init
 .text.HAL_InitTick
                0x0000000008000c58       0x6c ./Drivers/STM32H7xx_HAL_Driver/Src/stm32h7xx_hal.o
                0x0000000008000c58                HAL_InitTick
 .text.HAL_IncTick
                0x0000000008000cc4       0x28 ./Drivers/STM32H7xx_HAL_Driver/Src/stm32h7xx_hal.o
                0x0000000008000cc4                HAL_IncTick
 .text.HAL_GetTick
                0x0000000008000cec       0x18 ./Drivers/STM32H7xx_HAL_Driver/Src/stm32h7xx_hal.o
                0x0000000008000cec                HAL_GetTick
 .text.HAL_Delay
                0x0000000008000d04       0x48 ./Drivers/STM32H7xx_HAL_Driver/Src/stm32h7xx_hal.o
                0x0000000008000d04                HAL_Delay
 .text.HAL_GetREVID
                0x0000000008000d4c       0x18 ./Drivers/STM32H7xx_HAL_Driver/Src/stm32h7xx_hal.o
                0x0000000008000d4c                HAL_GetREVID
 .text.__NVIC_SetPriorityGrouping
                0x0000000008000d64       0x48 ./Drivers/STM32H7xx_HAL_Driver/Src/stm32h7xx_hal_cortex.o
 .text.__NVIC_GetPriorityGrouping
                0x0000000008000dac       0x1c ./Drivers/STM32H7xx_HAL_Driver/Src/stm32h7xx_hal_cortex.o
 .text.__NVIC_SetPriority
                0x0000000008000dc8       0x54 ./Drivers/STM32H7xx_HAL_Driver/Src/stm32h7xx_hal_cortex.o
 .text.NVIC_EncodePriority
                0x0000000008000e1c       0x66 ./Drivers/STM32H7xx_HAL_Driver/Src/stm32h7xx_hal_cortex.o
 *fill*         0x0000000008000e82        0x2 
 .text.SysTick_Config
                0x0000000008000e84       0x44 ./Drivers/STM32H7xx_HAL_Driver/Src/stm32h7xx_hal_cortex.o
 .text.HAL_NVIC_SetPriorityGrouping
                0x0000000008000ec8       0x16 ./Drivers/STM32H7xx_HAL_Driver/Src/stm32h7xx_hal_cortex.o
                0x0000000008000ec8                HAL_NVIC_SetPriorityGrouping
 .text.HAL_NVIC_SetPriority
                0x0000000008000ede       0x34 ./Drivers/STM32H7xx_HAL_Driver/Src/stm32h7xx_hal_cortex.o
                0x0000000008000ede                HAL_NVIC_SetPriority
 .text.HAL_SYSTICK_Config
                0x0000000008000f12       0x18 ./Drivers/STM32H7xx_HAL_Driver/Src/stm32h7xx_hal_cortex.o
                0x0000000008000f12                HAL_SYSTICK_Config
 *fill*         0x0000000008000f2a        0x2 
 .text.HAL_GPIO_Init
                0x0000000008000f2c      0x360 ./Drivers/STM32H7xx_HAL_Driver/Src/stm32h7xx_hal_gpio.o
                0x0000000008000f2c                HAL_GPIO_Init
 .text.HAL_GPIO_ReadPin
                0x000000000800128c       0x30 ./Drivers/STM32H7xx_HAL_Driver/Src/stm32h7xx_hal_gpio.o
                0x000000000800128c                HAL_GPIO_ReadPin
 .text.HAL_GPIO_WritePin
                0x00000000080012bc       0x32 ./Drivers/STM32H7xx_HAL_Driver/Src/stm32h7xx_hal_gpio.o
                0x00000000080012bc                HAL_GPIO_WritePin
 *fill*         0x00000000080012ee        0x2 
 .text.HAL_PWREx_ConfigSupply
                0x00000000080012f0       0x74 ./Drivers/STM32H7xx_HAL_Driver/Src/stm32h7xx_hal_pwr_ex.o
                0x00000000080012f0                HAL_PWREx_ConfigSupply
 .text.HAL_RCC_OscConfig
                0x0000000008001364      0x8b4 ./Drivers/STM32H7xx_HAL_Driver/Src/stm32h7xx_hal_rcc.o
                0x0000000008001364                HAL_RCC_OscConfig
 .text.HAL_RCC_ClockConfig
                0x0000000008001c18      0x36c ./Drivers/STM32H7xx_HAL_Driver/Src/stm32h7xx_hal_rcc.o
                0x0000000008001c18                HAL_RCC_ClockConfig
 .text.HAL_RCC_GetSysClockFreq
                0x0000000008001f84      0x2f4 ./Drivers/STM32H7xx_HAL_Driver/Src/stm32h7xx_hal_rcc.o
                0x0000000008001f84                HAL_RCC_GetSysClockFreq
 .text.HAL_TIM_Base_Init
                0x0000000008002278       0xae ./Drivers/STM32H7xx_HAL_Driver/Src/stm32h7xx_hal_tim.o
                0x0000000008002278                HAL_TIM_Base_Init
 *fill*         0x0000000008002326        0x2 
 .text.HAL_TIM_Base_Start
                0x0000000008002328       0xe0 ./Drivers/STM32H7xx_HAL_Driver/Src/stm32h7xx_hal_tim.o
                0x0000000008002328                HAL_TIM_Base_Start
 .text.TIM_Base_SetConfig
                0x0000000008002408      0x134 ./Drivers/STM32H7xx_HAL_Driver/Src/stm32h7xx_hal_tim.o
                0x0000000008002408                TIM_Base_SetConfig
 .text.__libc_init_array
                0x000000000800253c       0x48 c:/st/stm32cubeide_1.11.2/stm32cubeide/plugins/com.st.stm32cube.ide.mcu.externaltools.gnu-tools-for-stm32.10.3-2021.10.win32_1.0.100.202210260954/tools/bin/../lib/gcc/arm-none-eabi/10.3.1/../../../../arm-none-eabi/lib/thumb/v7e-m+dp/hard\libc_nano.a(lib_a-init.o)
                0x000000000800253c                __libc_init_array
 .text.memset   0x0000000008002584       0x10 c:/st/stm32cubeide_1.11.2/stm32cubeide/plugins/com.st.stm32cube.ide.mcu.externaltools.gnu-tools-for-stm32.10.3-2021.10.win32_1.0.100.202210260954/tools/bin/../lib/gcc/arm-none-eabi/10.3.1/../../../../arm-none-eabi/lib/thumb/v7e-m+dp/hard\libc_nano.a(lib_a-memset.o)
                0x0000000008002584                memset
 *(.glue_7)
 .glue_7        0x0000000008002594        0x0 linker stubs
 *(.glue_7t)
 .glue_7t       0x0000000008002594        0x0 linker stubs
 *(.eh_frame)
 .eh_frame      0x0000000008002594        0x0 c:/st/stm32cubeide_1.11.2/stm32cubeide/plugins/com.st.stm32cube.ide.mcu.externaltools.gnu-tools-for-stm32.10.3-2021.10.win32_1.0.100.202210260954/tools/bin/../lib/gcc/arm-none-eabi/10.3.1/thumb/v7e-m+dp/hard/crtbegin.o
 *(.init)
 .init          0x0000000008002594        0x4 c:/st/stm32cubeide_1.11.2/stm32cubeide/plugins/com.st.stm32cube.ide.mcu.externaltools.gnu-tools-for-stm32.10.3-2021.10.win32_1.0.100.202210260954/tools/bin/../lib/gcc/arm-none-eabi/10.3.1/thumb/v7e-m+dp/hard/crti.o
                0x0000000008002594                _init
 .init          0x0000000008002598        0x8 c:/st/stm32cubeide_1.11.2/stm32cubeide/plugins/com.st.stm32cube.ide.mcu.externaltools.gnu-tools-for-stm32.10.3-2021.10.win32_1.0.100.202210260954/tools/bin/../lib/gcc/arm-none-eabi/10.3.1/thumb/v7e-m+dp/hard/crtn.o
 *(.fini)
 .fini          0x00000000080025a0        0x4 c:/st/stm32cubeide_1.11.2/stm32cubeide/plugins/com.st.stm32cube.ide.mcu.externaltools.gnu-tools-for-stm32.10.3-2021.10.win32_1.0.100.202210260954/tools/bin/../lib/gcc/arm-none-eabi/10.3.1/thumb/v7e-m+dp/hard/crti.o
                0x00000000080025a0                _fini
 .fini          0x00000000080025a4        0x8 c:/st/stm32cubeide_1.11.2/stm32cubeide/plugins/com.st.stm32cube.ide.mcu.externaltools.gnu-tools-for-stm32.10.3-2021.10.win32_1.0.100.202210260954/tools/bin/../lib/gcc/arm-none-eabi/10.3.1/thumb/v7e-m+dp/hard/crtn.o
                0x00000000080025ac                . = ALIGN (0x4)
                0x00000000080025ac                _etext = .

.vfp11_veneer   0x00000000080025ac        0x0
 .vfp11_veneer  0x00000000080025ac        0x0 linker stubs

.v4_bx          0x00000000080025ac        0x0
 .v4_bx         0x00000000080025ac        0x0 linker stubs

.iplt           0x00000000080025ac        0x0
 .iplt          0x00000000080025ac        0x0 c:/st/stm32cubeide_1.11.2/stm32cubeide/plugins/com.st.stm32cube.ide.mcu.externaltools.gnu-tools-for-stm32.10.3-2021.10.win32_1.0.100.202210260954/tools/bin/../lib/gcc/arm-none-eabi/10.3.1/thumb/v7e-m+dp/hard/crtbegin.o

.rodata         0x00000000080025ac       0x10
                0x00000000080025ac                . = ALIGN (0x4)
 *(.rodata)
 *(.rodata*)
 .rodata.D1CorePrescTable
                0x00000000080025ac       0x10 ./Core/Src/system_stm32h7xx.o
                0x00000000080025ac                D1CorePrescTable
                0x00000000080025bc                . = ALIGN (0x4)

.rel.dyn        0x00000000080025bc        0x0
 .rel.iplt      0x00000000080025bc        0x0 c:/st/stm32cubeide_1.11.2/stm32cubeide/plugins/com.st.stm32cube.ide.mcu.externaltools.gnu-tools-for-stm32.10.3-2021.10.win32_1.0.100.202210260954/tools/bin/../lib/gcc/arm-none-eabi/10.3.1/thumb/v7e-m+dp/hard/crtbegin.o

.ARM.extab
 *(.ARM.extab* .gnu.linkonce.armextab.*)

.ARM            0x00000000080025bc        0x0
                0x00000000080025bc                __exidx_start = .
 *(.ARM.exidx*)
                0x00000000080025bc                __exidx_end = .

.preinit_array  0x00000000080025bc        0x0
                0x00000000080025bc                PROVIDE (__preinit_array_start = .)
 *(.preinit_array*)
                0x00000000080025bc                PROVIDE (__preinit_array_end = .)

.init_array     0x00000000080025bc        0x4
                0x00000000080025bc                PROVIDE (__init_array_start = .)
 *(SORT_BY_NAME(.init_array.*))
 *(.init_array*)
 .init_array    0x00000000080025bc        0x4 c:/st/stm32cubeide_1.11.2/stm32cubeide/plugins/com.st.stm32cube.ide.mcu.externaltools.gnu-tools-for-stm32.10.3-2021.10.win32_1.0.100.202210260954/tools/bin/../lib/gcc/arm-none-eabi/10.3.1/thumb/v7e-m+dp/hard/crtbegin.o
                0x00000000080025c0                PROVIDE (__init_array_end = .)

.fini_array     0x00000000080025c0        0x4
                [!provide]                        PROVIDE (__fini_array_start = .)
 *(SORT_BY_NAME(.fini_array.*))
 *(.fini_array*)
 .fini_array    0x00000000080025c0        0x4 c:/st/stm32cubeide_1.11.2/stm32cubeide/plugins/com.st.stm32cube.ide.mcu.externaltools.gnu-tools-for-stm32.10.3-2021.10.win32_1.0.100.202210260954/tools/bin/../lib/gcc/arm-none-eabi/10.3.1/thumb/v7e-m+dp/hard/crtbegin.o
                [!provide]                        PROVIDE (__fini_array_end = .)
                0x00000000080025c4                _sidata = LOADADDR (.data)

.data           0x0000000024000000       0x10 load address 0x00000000080025c4
                0x0000000024000000                . = ALIGN (0x4)
                0x0000000024000000                _sdata = .
 *(.data)
 *(.data*)
 .data.SystemCoreClock
                0x0000000024000000        0x4 ./Core/Src/system_stm32h7xx.o
                0x0000000024000000                SystemCoreClock
 .data.SystemD2Clock
                0x0000000024000004        0x4 ./Core/Src/system_stm32h7xx.o
                0x0000000024000004                SystemD2Clock
 .data.uwTickPrio
                0x0000000024000008        0x4 ./Drivers/STM32H7xx_HAL_Driver/Src/stm32h7xx_hal.o
                0x0000000024000008                uwTickPrio
 .data.uwTickFreq
                0x000000002400000c        0x1 ./Drivers/STM32H7xx_HAL_Driver/Src/stm32h7xx_hal.o
                0x000000002400000c                uwTickFreq
 *(.RamFunc)
 *(.RamFunc*)
                0x0000000024000010                . = ALIGN (0x4)
 *fill*         0x000000002400000d        0x3 
                0x0000000024000010                _edata = .

.igot.plt       0x0000000024000010        0x0 load address 0x00000000080025d4
 .igot.plt      0x0000000024000010        0x0 c:/st/stm32cubeide_1.11.2/stm32cubeide/plugins/com.st.stm32cube.ide.mcu.externaltools.gnu-tools-for-stm32.10.3-2021.10.win32_1.0.100.202210260954/tools/bin/../lib/gcc/arm-none-eabi/10.3.1/thumb/v7e-m+dp/hard/crtbegin.o
                0x0000000024000010                . = ALIGN (0x4)

.bss            0x0000000024000010       0x6c load address 0x00000000080025d4
                0x0000000024000010                _sbss = .
                0x0000000024000010                __bss_start__ = _sbss
 *(.bss)
 .bss           0x0000000024000010       0x1c c:/st/stm32cubeide_1.11.2/stm32cubeide/plugins/com.st.stm32cube.ide.mcu.externaltools.gnu-tools-for-stm32.10.3-2021.10.win32_1.0.100.202210260954/tools/bin/../lib/gcc/arm-none-eabi/10.3.1/thumb/v7e-m+dp/hard/crtbegin.o
 *(.bss*)
 .bss.htim16    0x000000002400002c       0x4c ./Core/Src/main.o
                0x000000002400002c                htim16
 .bss.uwTick    0x0000000024000078        0x4 ./Drivers/STM32H7xx_HAL_Driver/Src/stm32h7xx_hal.o
                0x0000000024000078                uwTick
 *(COMMON)
                0x000000002400007c                . = ALIGN (0x4)
                0x000000002400007c                _ebss = .
                0x000000002400007c                __bss_end__ = _ebss

._user_heap_stack
                0x000000002400007c      0x604 load address 0x00000000080025d4
                0x0000000024000080                . = ALIGN (0x8)
 *fill*         0x000000002400007c        0x4 
                [!provide]                        PROVIDE (end = .)
                0x0000000024000080                PROVIDE (_end = .)
                0x0000000024000280                . = (. + _Min_Heap_Size)
 *fill*         0x0000000024000080      0x200 
                0x0000000024000680                . = (. + _Min_Stack_Size)
 *fill*         0x0000000024000280      0x400 
                0x0000000024000680                . = ALIGN (0x8)

/DISCARD/
 libc.a(*)
 libm.a(*)
 libgcc.a(*)

.ARM.attributes
                0x0000000000000000       0x2e
 *(.ARM.attributes)
 .ARM.attributes
                0x0000000000000000       0x1e c:/st/stm32cubeide_1.11.2/stm32cubeide/plugins/com.st.stm32cube.ide.mcu.externaltools.gnu-tools-for-stm32.10.3-2021.10.win32_1.0.100.202210260954/tools/bin/../lib/gcc/arm-none-eabi/10.3.1/thumb/v7e-m+dp/hard/crti.o
 .ARM.attributes
                0x000000000000001e       0x32 c:/st/stm32cubeide_1.11.2/stm32cubeide/plugins/com.st.stm32cube.ide.mcu.externaltools.gnu-tools-for-stm32.10.3-2021.10.win32_1.0.100.202210260954/tools/bin/../lib/gcc/arm-none-eabi/10.3.1/thumb/v7e-m+dp/hard/crtbegin.o
 .ARM.attributes
                0x0000000000000050       0x32 ./Core/Src/main.o
 .ARM.attributes
                0x0000000000000082       0x32 ./Core/Src/stm32h7xx_hal_msp.o
 .ARM.attributes
                0x00000000000000b4       0x32 ./Core/Src/stm32h7xx_it.o
 .ARM.attributes
                0x00000000000000e6       0x32 ./Core/Src/system_stm32h7xx.o
 .ARM.attributes
                0x0000000000000118       0x21 ./Core/Startup/startup_stm32h743zitx.o
 .ARM.attributes
                0x0000000000000139       0x32 ./Drivers/STM32H7xx_HAL_Driver/Src/stm32h7xx_hal.o
 .ARM.attributes
                0x000000000000016b       0x32 ./Drivers/STM32H7xx_HAL_Driver/Src/stm32h7xx_hal_cortex.o
 .ARM.attributes
                0x000000000000019d       0x32 ./Drivers/STM32H7xx_HAL_Driver/Src/stm32h7xx_hal_gpio.o
 .ARM.attributes
                0x00000000000001cf       0x32 ./Drivers/STM32H7xx_HAL_Driver/Src/stm32h7xx_hal_pwr_ex.o
 .ARM.attributes
                0x0000000000000201       0x32 ./Drivers/STM32H7xx_HAL_Driver/Src/stm32h7xx_hal_rcc.o
 .ARM.attributes
                0x0000000000000233       0x32 ./Drivers/STM32H7xx_HAL_Driver/Src/stm32h7xx_hal_tim.o
 .ARM.attributes
                0x0000000000000265       0x32 c:/st/stm32cubeide_1.11.2/stm32cubeide/plugins/com.st.stm32cube.ide.mcu.externaltools.gnu-tools-for-stm32.10.3-2021.10.win32_1.0.100.202210260954/tools/bin/../lib/gcc/arm-none-eabi/10.3.1/../../../../arm-none-eabi/lib/thumb/v7e-m+dp/hard\libc_nano.a(lib_a-init.o)
 .ARM.attributes
                0x0000000000000297       0x32 c:/st/stm32cubeide_1.11.2/stm32cubeide/plugins/com.st.stm32cube.ide.mcu.externaltools.gnu-tools-for-stm32.10.3-2021.10.win32_1.0.100.202210260954/tools/bin/../lib/gcc/arm-none-eabi/10.3.1/../../../../arm-none-eabi/lib/thumb/v7e-m+dp/hard\libc_nano.a(lib_a-memset.o)
 .ARM.attributes
                0x00000000000002c9       0x1e c:/st/stm32cubeide_1.11.2/stm32cubeide/plugins/com.st.stm32cube.ide.mcu.externaltools.gnu-tools-for-stm32.10.3-2021.10.win32_1.0.100.202210260954/tools/bin/../lib/gcc/arm-none-eabi/10.3.1/thumb/v7e-m+dp/hard/crtn.o
OUTPUT(softwareI2C.elf elf32-littlearm)
LOAD linker stubs
LOAD c:/st/stm32cubeide_1.11.2/stm32cubeide/plugins/com.st.stm32cube.ide.mcu.externaltools.gnu-tools-for-stm32.10.3-2021.10.win32_1.0.100.202210260954/tools/bin/../lib/gcc/arm-none-eabi/10.3.1/../../../../arm-none-eabi/lib/thumb/v7e-m+dp/hard\libc.a
LOAD c:/st/stm32cubeide_1.11.2/stm32cubeide/plugins/com.st.stm32cube.ide.mcu.externaltools.gnu-tools-for-stm32.10.3-2021.10.win32_1.0.100.202210260954/tools/bin/../lib/gcc/arm-none-eabi/10.3.1/../../../../arm-none-eabi/lib/thumb/v7e-m+dp/hard\libm.a
LOAD c:/st/stm32cubeide_1.11.2/stm32cubeide/plugins/com.st.stm32cube.ide.mcu.externaltools.gnu-tools-for-stm32.10.3-2021.10.win32_1.0.100.202210260954/tools/bin/../lib/gcc/arm-none-eabi/10.3.1/thumb/v7e-m+dp/hard\libgcc.a

.debug_info     0x0000000000000000     0xd044
 .debug_info    0x0000000000000000     0x1532 ./Core/Src/main.o
 .debug_info    0x0000000000001532     0x2a5a ./Core/Src/stm32h7xx_hal_msp.o
 .debug_info    0x0000000000003f8c      0x137 ./Core/Src/stm32h7xx_it.o
 .debug_info    0x00000000000040c3      0xd07 ./Core/Src/system_stm32h7xx.o
 .debug_info    0x0000000000004dca       0x22 ./Core/Startup/startup_stm32h743zitx.o
 .debug_info    0x0000000000004dec     0x15d7 ./Drivers/STM32H7xx_HAL_Driver/Src/stm32h7xx_hal.o
 .debug_info    0x00000000000063c3     0x116d ./Drivers/STM32H7xx_HAL_Driver/Src/stm32h7xx_hal_cortex.o
 .debug_info    0x0000000000007530      0xd28 ./Drivers/STM32H7xx_HAL_Driver/Src/stm32h7xx_hal_gpio.o
 .debug_info    0x0000000000008258     0x109d ./Drivers/STM32H7xx_HAL_Driver/Src/stm32h7xx_hal_pwr_ex.o
 .debug_info    0x00000000000092f5      0xf4a ./Drivers/STM32H7xx_HAL_Driver/Src/stm32h7xx_hal_rcc.o
 .debug_info    0x000000000000a23f     0x2e05 ./Drivers/STM32H7xx_HAL_Driver/Src/stm32h7xx_hal_tim.o

.debug_abbrev   0x0000000000000000     0x16c9
 .debug_abbrev  0x0000000000000000      0x319 ./Core/Src/main.o
 .debug_abbrev  0x0000000000000319      0x29a ./Core/Src/stm32h7xx_hal_msp.o
 .debug_abbrev  0x00000000000005b3       0x74 ./Core/Src/stm32h7xx_it.o
 .debug_abbrev  0x0000000000000627      0x147 ./Core/Src/system_stm32h7xx.o
 .debug_abbrev  0x000000000000076e       0x12 ./Core/Startup/startup_stm32h743zitx.o
 .debug_abbrev  0x0000000000000780      0x289 ./Drivers/STM32H7xx_HAL_Driver/Src/stm32h7xx_hal.o
 .debug_abbrev  0x0000000000000a09      0x329 ./Drivers/STM32H7xx_HAL_Driver/Src/stm32h7xx_hal_cortex.o
 .debug_abbrev  0x0000000000000d32      0x1ec ./Drivers/STM32H7xx_HAL_Driver/Src/stm32h7xx_hal_gpio.o
 .debug_abbrev  0x0000000000000f1e      0x28f ./Drivers/STM32H7xx_HAL_Driver/Src/stm32h7xx_hal_pwr_ex.o
 .debug_abbrev  0x00000000000011ad      0x2b8 ./Drivers/STM32H7xx_HAL_Driver/Src/stm32h7xx_hal_rcc.o
 .debug_abbrev  0x0000000000001465      0x264 ./Drivers/STM32H7xx_HAL_Driver/Src/stm32h7xx_hal_tim.o

.debug_aranges  0x0000000000000000      0xa60
 .debug_aranges
                0x0000000000000000       0x80 ./Core/Src/main.o
 .debug_aranges
                0x0000000000000080       0x60 ./Core/Src/stm32h7xx_hal_msp.o
 .debug_aranges
                0x00000000000000e0       0x60 ./Core/Src/stm32h7xx_it.o
 .debug_aranges
                0x0000000000000140       0x28 ./Core/Src/system_stm32h7xx.o
 .debug_aranges
                0x0000000000000168       0x28 ./Core/Startup/startup_stm32h743zitx.o
 .debug_aranges
                0x0000000000000190      0x198 ./Drivers/STM32H7xx_HAL_Driver/Src/stm32h7xx_hal.o
 .debug_aranges
                0x0000000000000328      0x120 ./Drivers/STM32H7xx_HAL_Driver/Src/stm32h7xx_hal_cortex.o
 .debug_aranges
                0x0000000000000448       0x58 ./Drivers/STM32H7xx_HAL_Driver/Src/stm32h7xx_hal_gpio.o
 .debug_aranges
                0x00000000000004a0      0x158 ./Drivers/STM32H7xx_HAL_Driver/Src/stm32h7xx_hal_pwr_ex.o
 .debug_aranges
                0x00000000000005f8       0x88 ./Drivers/STM32H7xx_HAL_Driver/Src/stm32h7xx_hal_rcc.o
 .debug_aranges
                0x0000000000000680      0x3e0 ./Drivers/STM32H7xx_HAL_Driver/Src/stm32h7xx_hal_tim.o

.debug_ranges   0x0000000000000000      0x9b8
 .debug_ranges  0x0000000000000000       0x70 ./Core/Src/main.o
 .debug_ranges  0x0000000000000070       0x50 ./Core/Src/stm32h7xx_hal_msp.o
 .debug_ranges  0x00000000000000c0       0x50 ./Core/Src/stm32h7xx_it.o
 .debug_ranges  0x0000000000000110       0x18 ./Core/Src/system_stm32h7xx.o
 .debug_ranges  0x0000000000000128       0x20 ./Core/Startup/startup_stm32h743zitx.o
 .debug_ranges  0x0000000000000148      0x188 ./Drivers/STM32H7xx_HAL_Driver/Src/stm32h7xx_hal.o
 .debug_ranges  0x00000000000002d0      0x110 ./Drivers/STM32H7xx_HAL_Driver/Src/stm32h7xx_hal_cortex.o
 .debug_ranges  0x00000000000003e0       0x48 ./Drivers/STM32H7xx_HAL_Driver/Src/stm32h7xx_hal_gpio.o
 .debug_ranges  0x0000000000000428      0x148 ./Drivers/STM32H7xx_HAL_Driver/Src/stm32h7xx_hal_pwr_ex.o
 .debug_ranges  0x0000000000000570       0x78 ./Drivers/STM32H7xx_HAL_Driver/Src/stm32h7xx_hal_rcc.o
 .debug_ranges  0x00000000000005e8      0x3d0 ./Drivers/STM32H7xx_HAL_Driver/Src/stm32h7xx_hal_tim.o

.debug_macro    0x0000000000000000    0x36d96
 .debug_macro   0x0000000000000000      0x31e ./Core/Src/main.o
 .debug_macro   0x000000000000031e      0xa90 ./Core/Src/main.o
 .debug_macro   0x0000000000000dae      0x244 ./Core/Src/main.o
 .debug_macro   0x0000000000000ff2       0x2e ./Core/Src/main.o
 .debug_macro   0x0000000000001020       0x3b ./Core/Src/main.o
 .debug_macro   0x000000000000105b       0x22 ./Core/Src/main.o
 .debug_macro   0x000000000000107d       0x8e ./Core/Src/main.o
 .debug_macro   0x000000000000110b       0x51 ./Core/Src/main.o
 .debug_macro   0x000000000000115c      0x103 ./Core/Src/main.o
 .debug_macro   0x000000000000125f       0x6a ./Core/Src/main.o
 .debug_macro   0x00000000000012c9      0x1df ./Core/Src/main.o
 .debug_macro   0x00000000000014a8       0x1c ./Core/Src/main.o
 .debug_macro   0x00000000000014c4       0x22 ./Core/Src/main.o
 .debug_macro   0x00000000000014e6       0xfb ./Core/Src/main.o
 .debug_macro   0x00000000000015e1     0x1305 ./Core/Src/main.o
 .debug_macro   0x00000000000028e6      0x11f ./Core/Src/main.o
 .debug_macro   0x0000000000002a05       0x27 ./Core/Src/main.o
 .debug_macro   0x0000000000002a2c    0x25882 ./Core/Src/main.o
 .debug_macro   0x00000000000282ae       0x6d ./Core/Src/main.o
 .debug_macro   0x000000000002831b     0x3d5d ./Core/Src/main.o
 .debug_macro   0x000000000002c078      0x174 ./Core/Src/main.o
 .debug_macro   0x000000000002c1ec       0x52 ./Core/Src/main.o
 .debug_macro   0x000000000002c23e       0x1d ./Core/Src/main.o
 .debug_macro   0x000000000002c25b       0x3c ./Core/Src/main.o
 .debug_macro   0x000000000002c297       0x34 ./Core/Src/main.o
 .debug_macro   0x000000000002c2cb       0x16 ./Core/Src/main.o
 .debug_macro   0x000000000002c2e1       0x43 ./Core/Src/main.o
 .debug_macro   0x000000000002c324       0x34 ./Core/Src/main.o
 .debug_macro   0x000000000002c358       0x10 ./Core/Src/main.o
 .debug_macro   0x000000000002c368       0x58 ./Core/Src/main.o
 .debug_macro   0x000000000002c3c0       0x71 ./Core/Src/main.o
 .debug_macro   0x000000000002c431       0x1c ./Core/Src/main.o
 .debug_macro   0x000000000002c44d      0x12a ./Core/Src/main.o
 .debug_macro   0x000000000002c577      0x341 ./Core/Src/main.o
 .debug_macro   0x000000000002c8b8      0x19b ./Core/Src/main.o
 .debug_macro   0x000000000002ca53       0x5d ./Core/Src/main.o
 .debug_macro   0x000000000002cab0     0x2382 ./Core/Src/main.o
 .debug_macro   0x000000000002ee32     0x102c ./Core/Src/main.o
 .debug_macro   0x000000000002fe5e      0x154 ./Core/Src/main.o
 .debug_macro   0x000000000002ffb2      0x114 ./Core/Src/main.o
 .debug_macro   0x00000000000300c6      0x3b2 ./Core/Src/main.o
 .debug_macro   0x0000000000030478       0xac ./Core/Src/main.o
 .debug_macro   0x0000000000030524      0x72d ./Core/Src/main.o
 .debug_macro   0x0000000000030c51      0x228 ./Core/Src/main.o
 .debug_macro   0x0000000000030e79       0x66 ./Core/Src/main.o
 .debug_macro   0x0000000000030edf      0x3bb ./Core/Src/main.o
 .debug_macro   0x000000000003129a      0xa80 ./Core/Src/main.o
 .debug_macro   0x0000000000031d1a      0x129 ./Core/Src/main.o
 .debug_macro   0x0000000000031e43      0x3e4 ./Core/Src/main.o
 .debug_macro   0x0000000000032227      0x275 ./Core/Src/main.o
 .debug_macro   0x000000000003249c      0x3ca ./Core/Src/main.o
 .debug_macro   0x0000000000032866      0x408 ./Core/Src/main.o
 .debug_macro   0x0000000000032c6e       0x51 ./Core/Src/main.o
 .debug_macro   0x0000000000032cbf       0x4a ./Core/Src/main.o
 .debug_macro   0x0000000000032d09      0x22c ./Core/Src/main.o
 .debug_macro   0x0000000000032f35       0x67 ./Core/Src/main.o
 .debug_macro   0x0000000000032f9c       0xa5 ./Core/Src/main.o
 .debug_macro   0x0000000000033041      0x1c4 ./Core/Src/main.o
 .debug_macro   0x0000000000033205      0x25e ./Core/Src/main.o
 .debug_macro   0x0000000000033463       0x35 ./Core/Src/main.o
 .debug_macro   0x0000000000033498      0xaf3 ./Core/Src/main.o
 .debug_macro   0x0000000000033f8b      0x29f ./Core/Src/main.o
 .debug_macro   0x000000000003422a      0x693 ./Core/Src/main.o
 .debug_macro   0x00000000000348bd       0xa6 ./Core/Src/main.o
 .debug_macro   0x0000000000034963      0x264 ./Core/Src/main.o
 .debug_macro   0x0000000000034bc7       0x90 ./Core/Src/main.o
 .debug_macro   0x0000000000034c57      0x5a0 ./Core/Src/main.o
 .debug_macro   0x00000000000351f7       0xa6 ./Core/Src/main.o
 .debug_macro   0x000000000003529d       0x16 ./Core/Src/main.o
 .debug_macro   0x00000000000352b3       0x35 ./Core/Src/main.o
 .debug_macro   0x00000000000352e8       0x20 ./Core/Src/main.o
 .debug_macro   0x0000000000035308      0x2ee ./Core/Src/stm32h7xx_hal_msp.o
 .debug_macro   0x00000000000355f6      0x2f8 ./Core/Src/stm32h7xx_it.o
 .debug_macro   0x00000000000358ee      0x2df ./Core/Src/system_stm32h7xx.o
 .debug_macro   0x0000000000035bcd      0x309 ./Drivers/STM32H7xx_HAL_Driver/Src/stm32h7xx_hal.o
 .debug_macro   0x0000000000035ed6      0x2df ./Drivers/STM32H7xx_HAL_Driver/Src/stm32h7xx_hal_cortex.o
 .debug_macro   0x00000000000361b5      0x2e6 ./Drivers/STM32H7xx_HAL_Driver/Src/stm32h7xx_hal_gpio.o
 .debug_macro   0x000000000003649b      0x318 ./Drivers/STM32H7xx_HAL_Driver/Src/stm32h7xx_hal_pwr_ex.o
 .debug_macro   0x00000000000367b3      0x303 ./Drivers/STM32H7xx_HAL_Driver/Src/stm32h7xx_hal_rcc.o
 .debug_macro   0x0000000000036ab6      0x2e0 ./Drivers/STM32H7xx_HAL_Driver/Src/stm32h7xx_hal_tim.o

.debug_line     0x0000000000000000     0xb8d6
 .debug_line    0x0000000000000000      0xc61 ./Core/Src/main.o
 .debug_line    0x0000000000000c61      0xa5a ./Core/Src/stm32h7xx_hal_msp.o
 .debug_line    0x00000000000016bb      0x990 ./Core/Src/stm32h7xx_it.o
 .debug_line    0x000000000000204b      0xa7d ./Core/Src/system_stm32h7xx.o
 .debug_line    0x0000000000002ac8       0x88 ./Core/Startup/startup_stm32h743zitx.o
 .debug_line    0x0000000000002b50      0xe7b ./Drivers/STM32H7xx_HAL_Driver/Src/stm32h7xx_hal.o
 .debug_line    0x00000000000039cb      0xe81 ./Drivers/STM32H7xx_HAL_Driver/Src/stm32h7xx_hal_cortex.o
 .debug_line    0x000000000000484c      0xd3e ./Drivers/STM32H7xx_HAL_Driver/Src/stm32h7xx_hal_gpio.o
 .debug_line    0x000000000000558a      0xf95 ./Drivers/STM32H7xx_HAL_Driver/Src/stm32h7xx_hal_pwr_ex.o
 .debug_line    0x000000000000651f     0x144b ./Drivers/STM32H7xx_HAL_Driver/Src/stm32h7xx_hal_rcc.o
 .debug_line    0x000000000000796a     0x3f6c ./Drivers/STM32H7xx_HAL_Driver/Src/stm32h7xx_hal_tim.o

.debug_str      0x0000000000000000   0x1661e8
 .debug_str     0x0000000000000000   0x161fff ./Core/Src/main.o
                                     0x162508 (size before relaxing)
 .debug_str     0x0000000000161fff     0x12dd ./Core/Src/stm32h7xx_hal_msp.o
                                     0x163404 (size before relaxing)
 .debug_str     0x00000000001632dc       0xc9 ./Core/Src/stm32h7xx_it.o
                                     0x161808 (size before relaxing)
 .debug_str     0x00000000001633a5      0x330 ./Core/Src/system_stm32h7xx.o
                                     0x161a86 (size before relaxing)
 .debug_str     0x00000000001636d5       0x36 ./Core/Startup/startup_stm32h743zitx.o
                                         0x9d (size before relaxing)
 .debug_str     0x000000000016370b      0xfc0 ./Drivers/STM32H7xx_HAL_Driver/Src/stm32h7xx_hal.o
                                     0x16299c (size before relaxing)
 .debug_str     0x00000000001646cb      0x353 ./Drivers/STM32H7xx_HAL_Driver/Src/stm32h7xx_hal_cortex.o
                                     0x16239f (size before relaxing)
 .debug_str     0x0000000000164a1e       0xe0 ./Drivers/STM32H7xx_HAL_Driver/Src/stm32h7xx_hal_gpio.o
                                     0x161a3d (size before relaxing)
 .debug_str     0x0000000000164afe      0x61f ./Drivers/STM32H7xx_HAL_Driver/Src/stm32h7xx_hal_pwr_ex.o
                                     0x161efe (size before relaxing)
 .debug_str     0x000000000016511d      0x22e ./Drivers/STM32H7xx_HAL_Driver/Src/stm32h7xx_hal_rcc.o
                                     0x161e21 (size before relaxing)
 .debug_str     0x000000000016534b      0xe9d ./Drivers/STM32H7xx_HAL_Driver/Src/stm32h7xx_hal_tim.o
                                     0x162bb0 (size before relaxing)

.comment        0x0000000000000000       0x50
 .comment       0x0000000000000000       0x50 ./Core/Src/main.o
                                         0x51 (size before relaxing)
 .comment       0x0000000000000050       0x51 ./Core/Src/stm32h7xx_hal_msp.o
 .comment       0x0000000000000050       0x51 ./Core/Src/stm32h7xx_it.o
 .comment       0x0000000000000050       0x51 ./Core/Src/system_stm32h7xx.o
 .comment       0x0000000000000050       0x51 ./Drivers/STM32H7xx_HAL_Driver/Src/stm32h7xx_hal.o
 .comment       0x0000000000000050       0x51 ./Drivers/STM32H7xx_HAL_Driver/Src/stm32h7xx_hal_cortex.o
 .comment       0x0000000000000050       0x51 ./Drivers/STM32H7xx_HAL_Driver/Src/stm32h7xx_hal_gpio.o
 .comment       0x0000000000000050       0x51 ./Drivers/STM32H7xx_HAL_Driver/Src/stm32h7xx_hal_pwr_ex.o
 .comment       0x0000000000000050       0x51 ./Drivers/STM32H7xx_HAL_Driver/Src/stm32h7xx_hal_rcc.o
 .comment       0x0000000000000050       0x51 ./Drivers/STM32H7xx_HAL_Driver/Src/stm32h7xx_hal_tim.o

.debug_frame    0x0000000000000000     0x2af0
 .debug_frame   0x0000000000000000      0x1b8 ./Core/Src/main.o
 .debug_frame   0x00000000000001b8      0x168 ./Core/Src/stm32h7xx_hal_msp.o
 .debug_frame   0x0000000000000320      0x104 ./Core/Src/stm32h7xx_it.o
 .debug_frame   0x0000000000000424       0x58 ./Core/Src/system_stm32h7xx.o
 .debug_frame   0x000000000000047c      0x690 ./Drivers/STM32H7xx_HAL_Driver/Src/stm32h7xx_hal.o
 .debug_frame   0x0000000000000b0c      0x4b8 ./Drivers/STM32H7xx_HAL_Driver/Src/stm32h7xx_hal_cortex.o
 .debug_frame   0x0000000000000fc4      0x14c ./Drivers/STM32H7xx_HAL_Driver/Src/stm32h7xx_hal_gpio.o
 .debug_frame   0x0000000000001110      0x580 ./Drivers/STM32H7xx_HAL_Driver/Src/stm32h7xx_hal_pwr_ex.o
 .debug_frame   0x0000000000001690      0x1f8 ./Drivers/STM32H7xx_HAL_Driver/Src/stm32h7xx_hal_rcc.o
 .debug_frame   0x0000000000001888     0x121c ./Drivers/STM32H7xx_HAL_Driver/Src/stm32h7xx_hal_tim.o
 .debug_frame   0x0000000000002aa4       0x2c c:/st/stm32cubeide_1.11.2/stm32cubeide/plugins/com.st.stm32cube.ide.mcu.externaltools.gnu-tools-for-stm32.10.3-2021.10.win32_1.0.100.202210260954/tools/bin/../lib/gcc/arm-none-eabi/10.3.1/../../../../arm-none-eabi/lib/thumb/v7e-m+dp/hard\libc_nano.a(lib_a-init.o)
 .debug_frame   0x0000000000002ad0       0x20 c:/st/stm32cubeide_1.11.2/stm32cubeide/plugins/com.st.stm32cube.ide.mcu.externaltools.gnu-tools-for-stm32.10.3-2021.10.win32_1.0.100.202210260954/tools/bin/../lib/gcc/arm-none-eabi/10.3.1/../../../../arm-none-eabi/lib/thumb/v7e-m+dp/hard\libc_nano.a(lib_a-memset.o)
